2026-08-25 17:00:15,286 - MainThread - sqlmesh.core.state_sync.db.migrator - INFO - Applying migration <module 'sqlmesh.migrations.v0000_baseline' from 'C:\\Users\\LakshmiVedha\\AppData\\Local\\Programs\\Python\\Python312\\Lib\\site-packages\\sqlmesh\\migrations\\v0000_baseline.py'> (migrator.py:185)
2026-08-25 17:00:15,491 - MainThread - sqlmesh.core.state_sync.db.migrator - INFO - Applying migration <module 'sqlmesh.migrations.v0061_mysql_fix_blob_text_type' from 'C:\\Users\\LakshmiVedha\\AppData\\Local\\Programs\\Python\\Python312\\Lib\\site-packages\\sqlmesh\\migrations\\v0061_mysql_fix_blob_text_type.py'> (migrator.py:185)
2026-08-25 17:00:15,555 - MainThread - sqlmesh.core.state_sync.db.migrator - INFO - Applying migration <module 'sqlmesh.migrations.v0062_add_model_gateway' from 'C:\\Users\\LakshmiVedha\\AppData\\Local\\Programs\\Python\\Python312\\Lib\\site-packages\\sqlmesh\\migrations\\v0062_add_model_gateway.py'> (migrator.py:185)
2026-08-25 17:00:15,555 - MainThread - sqlmesh.core.state_sync.db.migrator - INFO - Applying migration <module 'sqlmesh.migrations.v0063_change_signals' from 'C:\\Users\\LakshmiVedha\\AppData\\Local\\Programs\\Python\\Python312\\Lib\\site-packages\\sqlmesh\\migrations\\v0063_change_signals.py'> (migrator.py:185)
2026-08-25 17:00:15,555 - MainThread - sqlmesh.core.state_sync.db.migrator - INFO - Applying migration <module 'sqlmesh.migrations.v0064_join_when_matched_strings' from 'C:\\Users\\LakshmiVedha\\AppData\\Local\\Programs\\Python\\Python312\\Lib\\site-packages\\sqlmesh\\migrations\\v0064_join_when_matched_strings.py'> (migrator.py:185)
2026-08-25 17:00:15,555 - MainThread - sqlmesh.core.state_sync.db.migrator - INFO - Applying migration <module 'sqlmesh.migrations.v0065_add_model_optimize' from 'C:\\Users\\LakshmiVedha\\AppData\\Local\\Programs\\Python\\Python312\\Lib\\site-packages\\sqlmesh\\migrations\\v0065_add_model_optimize.py'> (migrator.py:185)
2026-08-25 17:00:15,555 - MainThread - sqlmesh.core.state_sync.db.migrator - INFO - Applying migration <module 'sqlmesh.migrations.v0066_add_auto_restatements' from 'C:\\Users\\LakshmiVedha\\AppData\\Local\\Programs\\Python\\Python312\\Lib\\site-packages\\sqlmesh\\migrations\\v0066_add_auto_restatements.py'> (migrator.py:185)
2026-08-25 17:00:15,633 - MainThread - sqlmesh.core.state_sync.db.migrator - INFO - Applying migration <module 'sqlmesh.migrations.v0067_add_tsql_date_full_precision' from 'C:\\Users\\LakshmiVedha\\AppData\\Local\\Programs\\Python\\Python312\\Lib\\site-packages\\sqlmesh\\migrations\\v0067_add_tsql_date_full_precision.py'> (migrator.py:185)
2026-08-25 17:00:15,633 - MainThread - sqlmesh.core.state_sync.db.migrator - INFO - Applying migration <module 'sqlmesh.migrations.v0068_include_unrendered_query_in_metadata_hash' from 'C:\\Users\\LakshmiVedha\\AppData\\Local\\Programs\\Python\\Python312\\Lib\\site-packages\\sqlmesh\\migrations\\v0068_include_unrendered_query_in_metadata_hash.py'> (migrator.py:185)
2026-08-25 17:00:15,633 - MainThread - sqlmesh.core.state_sync.db.migrator - INFO - Applying migration <module 'sqlmesh.migrations.v0069_update_dev_table_suffix' from 'C:\\Users\\LakshmiVedha\\AppData\\Local\\Programs\\Python\\Python312\\Lib\\site-packages\\sqlmesh\\migrations\\v0069_update_dev_table_suffix.py'> (migrator.py:185)
2026-08-25 17:00:15,633 - MainThread - sqlmesh.core.state_sync.db.migrator - INFO - Applying migration <module 'sqlmesh.migrations.v0070_include_grains_in_metadata_hash' from 'C:\\Users\\LakshmiVedha\\AppData\\Local\\Programs\\Python\\Python312\\Lib\\site-packages\\sqlmesh\\migrations\\v0070_include_grains_in_metadata_hash.py'> (migrator.py:185)
2026-08-25 17:00:15,633 - MainThread - sqlmesh.core.state_sync.db.migrator - INFO - Applying migration <module 'sqlmesh.migrations.v0071_add_dev_version_to_intervals' from 'C:\\Users\\LakshmiVedha\\AppData\\Local\\Programs\\Python\\Python312\\Lib\\site-packages\\sqlmesh\\migrations\\v0071_add_dev_version_to_intervals.py'> (migrator.py:185)
2026-08-25 17:00:15,697 - MainThread - sqlmesh.core.state_sync.db.migrator - INFO - Applying migration <module 'sqlmesh.migrations.v0072_add_environment_statements' from 'C:\\Users\\LakshmiVedha\\AppData\\Local\\Programs\\Python\\Python312\\Lib\\site-packages\\sqlmesh\\migrations\\v0072_add_environment_statements.py'> (migrator.py:185)
2026-08-25 17:00:15,715 - MainThread - sqlmesh.core.state_sync.db.migrator - INFO - Applying migration <module 'sqlmesh.migrations.v0073_remove_symbolic_disable_restatement' from 'C:\\Users\\LakshmiVedha\\AppData\\Local\\Programs\\Python\\Python312\\Lib\\site-packages\\sqlmesh\\migrations\\v0073_remove_symbolic_disable_restatement.py'> (migrator.py:185)
2026-08-25 17:00:15,715 - MainThread - sqlmesh.core.state_sync.db.migrator - INFO - Applying migration <module 'sqlmesh.migrations.v0074_add_partition_by_time_column_property' from 'C:\\Users\\LakshmiVedha\\AppData\\Local\\Programs\\Python\\Python312\\Lib\\site-packages\\sqlmesh\\migrations\\v0074_add_partition_by_time_column_property.py'> (migrator.py:185)
2026-08-25 17:00:15,715 - MainThread - sqlmesh.core.state_sync.db.migrator - INFO - Applying migration <module 'sqlmesh.migrations.v0075_remove_validate_query' from 'C:\\Users\\LakshmiVedha\\AppData\\Local\\Programs\\Python\\Python312\\Lib\\site-packages\\sqlmesh\\migrations\\v0075_remove_validate_query.py'> (migrator.py:185)
2026-08-25 17:00:15,715 - MainThread - sqlmesh.core.state_sync.db.migrator - INFO - Applying migration <module 'sqlmesh.migrations.v0076_add_cron_tz' from 'C:\\Users\\LakshmiVedha\\AppData\\Local\\Programs\\Python\\Python312\\Lib\\site-packages\\sqlmesh\\migrations\\v0076_add_cron_tz.py'> (migrator.py:185)
2026-08-25 17:00:15,715 - MainThread - sqlmesh.core.state_sync.db.migrator - INFO - Applying migration <module 'sqlmesh.migrations.v0077_fix_column_type_hash_calculation' from 'C:\\Users\\LakshmiVedha\\AppData\\Local\\Programs\\Python\\Python312\\Lib\\site-packages\\sqlmesh\\migrations\\v0077_fix_column_type_hash_calculation.py'> (migrator.py:185)
2026-08-25 17:00:15,715 - MainThread - sqlmesh.core.state_sync.db.migrator - INFO - Applying migration <module 'sqlmesh.migrations.v0078_warn_if_non_migratable_python_env' from 'C:\\Users\\LakshmiVedha\\AppData\\Local\\Programs\\Python\\Python312\\Lib\\site-packages\\sqlmesh\\migrations\\v0078_warn_if_non_migratable_python_env.py'> (migrator.py:185)
2026-08-25 17:00:15,715 - MainThread - sqlmesh.core.state_sync.db.migrator - INFO - Applying migration <module 'sqlmesh.migrations.v0079_add_gateway_managed_property' from 'C:\\Users\\LakshmiVedha\\AppData\\Local\\Programs\\Python\\Python312\\Lib\\site-packages\\sqlmesh\\migrations\\v0079_add_gateway_managed_property.py'> (migrator.py:185)
2026-08-25 17:00:15,761 - MainThread - sqlmesh.core.state_sync.db.migrator - INFO - Applying migration <module 'sqlmesh.migrations.v0080_add_batch_size_to_scd_type_2_models' from 'C:\\Users\\LakshmiVedha\\AppData\\Local\\Programs\\Python\\Python312\\Lib\\site-packages\\sqlmesh\\migrations\\v0080_add_batch_size_to_scd_type_2_models.py'> (migrator.py:185)
2026-08-25 17:00:15,761 - MainThread - sqlmesh.core.state_sync.db.migrator - INFO - Applying migration <module 'sqlmesh.migrations.v0081_update_partitioned_by' from 'C:\\Users\\LakshmiVedha\\AppData\\Local\\Programs\\Python\\Python312\\Lib\\site-packages\\sqlmesh\\migrations\\v0081_update_partitioned_by.py'> (migrator.py:185)
2026-08-25 17:00:15,761 - MainThread - sqlmesh.core.state_sync.db.migrator - INFO - Applying migration <module 'sqlmesh.migrations.v0082_warn_if_incorrectly_duplicated_statements' from 'C:\\Users\\LakshmiVedha\\AppData\\Local\\Programs\\Python\\Python312\\Lib\\site-packages\\sqlmesh\\migrations\\v0082_warn_if_incorrectly_duplicated_statements.py'> (migrator.py:185)
2026-08-25 17:00:15,761 - MainThread - sqlmesh.core.state_sync.db.migrator - INFO - Applying migration <module 'sqlmesh.migrations.v0083_use_sql_for_scd_time_data_type_data_hash' from 'C:\\Users\\LakshmiVedha\\AppData\\Local\\Programs\\Python\\Python312\\Lib\\site-packages\\sqlmesh\\migrations\\v0083_use_sql_for_scd_time_data_type_data_hash.py'> (migrator.py:185)
2026-08-25 17:00:15,761 - MainThread - sqlmesh.core.state_sync.db.migrator - INFO - Applying migration <module 'sqlmesh.migrations.v0084_normalize_quote_when_matched_and_merge_filter' from 'C:\\Users\\LakshmiVedha\\AppData\\Local\\Programs\\Python\\Python312\\Lib\\site-packages\\sqlmesh\\migrations\\v0084_normalize_quote_when_matched_and_merge_filter.py'> (migrator.py:185)
2026-08-25 17:00:15,761 - MainThread - sqlmesh.core.state_sync.db.migrator - INFO - Applying migration <module 'sqlmesh.migrations.v0085_deterministic_repr' from 'C:\\Users\\LakshmiVedha\\AppData\\Local\\Programs\\Python\\Python312\\Lib\\site-packages\\sqlmesh\\migrations\\v0085_deterministic_repr.py'> (migrator.py:185)
2026-08-25 17:00:15,761 - MainThread - sqlmesh.core.state_sync.db.migrator - INFO - Applying migration <module 'sqlmesh.migrations.v0086_check_deterministic_bug' from 'C:\\Users\\LakshmiVedha\\AppData\\Local\\Programs\\Python\\Python312\\Lib\\site-packages\\sqlmesh\\migrations\\v0086_check_deterministic_bug.py'> (migrator.py:185)
2026-08-25 17:00:15,761 - MainThread - sqlmesh.core.state_sync.db.migrator - INFO - Applying migration <module 'sqlmesh.migrations.v0087_normalize_blueprint_variables' from 'C:\\Users\\LakshmiVedha\\AppData\\Local\\Programs\\Python\\Python312\\Lib\\site-packages\\sqlmesh\\migrations\\v0087_normalize_blueprint_variables.py'> (migrator.py:185)
2026-08-25 17:00:15,761 - MainThread - sqlmesh.core.state_sync.db.migrator - INFO - Applying migration <module 'sqlmesh.migrations.v0088_warn_about_variable_python_env_diffs' from 'C:\\Users\\LakshmiVedha\\AppData\\Local\\Programs\\Python\\Python312\\Lib\\site-packages\\sqlmesh\\migrations\\v0088_warn_about_variable_python_env_diffs.py'> (migrator.py:185)
2026-08-25 17:00:15,761 - MainThread - sqlmesh.core.state_sync.db.migrator - INFO - Applying migration <module 'sqlmesh.migrations.v0089_add_virtual_environment_mode' from 'C:\\Users\\LakshmiVedha\\AppData\\Local\\Programs\\Python\\Python312\\Lib\\site-packages\\sqlmesh\\migrations\\v0089_add_virtual_environment_mode.py'> (migrator.py:185)
2026-08-25 17:00:15,761 - MainThread - sqlmesh.core.state_sync.db.migrator - INFO - Applying migration <module 'sqlmesh.migrations.v0090_add_forward_only_column' from 'C:\\Users\\LakshmiVedha\\AppData\\Local\\Programs\\Python\\Python312\\Lib\\site-packages\\sqlmesh\\migrations\\v0090_add_forward_only_column.py'> (migrator.py:185)
2026-08-25 17:00:15,808 - MainThread - sqlmesh.core.state_sync.db.migrator - INFO - Applying migration <module 'sqlmesh.migrations.v0091_on_additive_change' from 'C:\\Users\\LakshmiVedha\\AppData\\Local\\Programs\\Python\\Python312\\Lib\\site-packages\\sqlmesh\\migrations\\v0091_on_additive_change.py'> (migrator.py:185)
2026-08-25 17:00:15,808 - MainThread - sqlmesh.core.state_sync.db.migrator - INFO - Applying migration <module 'sqlmesh.migrations.v0092_warn_about_dbt_data_type_diff' from 'C:\\Users\\LakshmiVedha\\AppData\\Local\\Programs\\Python\\Python312\\Lib\\site-packages\\sqlmesh\\migrations\\v0092_warn_about_dbt_data_type_diff.py'> (migrator.py:185)
2026-08-25 17:00:15,808 - MainThread - sqlmesh.core.state_sync.db.migrator - INFO - Applying migration <module 'sqlmesh.migrations.v0093_use_raw_sql_in_fingerprint' from 'C:\\Users\\LakshmiVedha\\AppData\\Local\\Programs\\Python\\Python312\\Lib\\site-packages\\sqlmesh\\migrations\\v0093_use_raw_sql_in_fingerprint.py'> (migrator.py:185)
2026-08-25 17:00:15,808 - MainThread - sqlmesh.core.state_sync.db.migrator - INFO - Applying migration <module 'sqlmesh.migrations.v0094_add_dev_version_and_fingerprint_columns' from 'C:\\Users\\LakshmiVedha\\AppData\\Local\\Programs\\Python\\Python312\\Lib\\site-packages\\sqlmesh\\migrations\\v0094_add_dev_version_and_fingerprint_columns.py'> (migrator.py:185)
2026-08-25 17:00:15,903 - MainThread - sqlmesh.core.state_sync.db.migrator - INFO - Applying migration <module 'sqlmesh.migrations.v0095_warn_about_dbt_raw_sql_diff' from 'C:\\Users\\LakshmiVedha\\AppData\\Local\\Programs\\Python\\Python312\\Lib\\site-packages\\sqlmesh\\migrations\\v0095_warn_about_dbt_raw_sql_diff.py'> (migrator.py:185)
2026-08-25 17:00:15,903 - MainThread - sqlmesh.core.state_sync.db.migrator - INFO - Applying migration <module 'sqlmesh.migrations.v0096_remove_plan_dags_table' from 'C:\\Users\\LakshmiVedha\\AppData\\Local\\Programs\\Python\\Python312\\Lib\\site-packages\\sqlmesh\\migrations\\v0096_remove_plan_dags_table.py'> (migrator.py:185)
2026-08-25 17:00:15,903 - MainThread - sqlmesh.core.state_sync.db.migrator - INFO - Applying migration <module 'sqlmesh.migrations.v0097_add_dbt_name_in_node' from 'C:\\Users\\LakshmiVedha\\AppData\\Local\\Programs\\Python\\Python312\\Lib\\site-packages\\sqlmesh\\migrations\\v0097_add_dbt_name_in_node.py'> (migrator.py:185)
2026-08-25 17:00:15,903 - MainThread - sqlmesh.core.state_sync.db.migrator - INFO - Applying migration <module 'sqlmesh.migrations.v0098_add_dbt_node_info_in_node' from 'C:\\Users\\LakshmiVedha\\AppData\\Local\\Programs\\Python\\Python312\\Lib\\site-packages\\sqlmesh\\migrations\\v0098_add_dbt_node_info_in_node.py'> (migrator.py:185)
2026-08-25 17:00:15,903 - MainThread - sqlmesh.core.state_sync.db.migrator - INFO - Applying migration <module 'sqlmesh.migrations.v0099_add_last_altered_to_intervals' from 'C:\\Users\\LakshmiVedha\\AppData\\Local\\Programs\\Python\\Python312\\Lib\\site-packages\\sqlmesh\\migrations\\v0099_add_last_altered_to_intervals.py'> (migrator.py:185)
2026-08-25 17:00:15,966 - MainThread - sqlmesh.core.state_sync.db.migrator - INFO - Applying migration <module 'sqlmesh.migrations.v0100_add_grants_and_grants_target_layer' from 'C:\\Users\\LakshmiVedha\\AppData\\Local\\Programs\\Python\\Python312\\Lib\\site-packages\\sqlmesh\\migrations\\v0100_add_grants_and_grants_target_layer.py'> (migrator.py:185)
2026-08-25 17:00:15,966 - MainThread - sqlmesh.core.state_sync.db.migrator - INFO - Applying migration <module 'sqlmesh.migrations.v0101_include_custom_audit_args_in_fingerprint' from 'C:\\Users\\LakshmiVedha\\AppData\\Local\\Programs\\Python\\Python312\\Lib\\site-packages\\sqlmesh\\migrations\\v0101_include_custom_audit_args_in_fingerprint.py'> (migrator.py:185)
2026-08-25 17:00:15,966 - MainThread - sqlmesh.core.state_sync.db.migrator - INFO - Fetching environments (migrator.py:207)
2026-08-25 17:00:15,966 - MainThread - sqlmesh.core.state_sync.db.migrator - INFO - Migrating snapshot rows... (migrator.py:224)
2026-08-25 17:00:15,978 - MainThread - sqlmesh.core.state_sync.db.migrator - INFO - No changes to snapshots detected (migrator.py:217)
2026-08-25 17:00:27,229 - MainThread - sqlmesh.core.plan.evaluator - INFO - Evaluating plan stage CreateSnapshotRecordsStage (evaluator.py:123)
2026-08-25 17:00:27,258 - MainThread - sqlmesh.core.plan.evaluator - INFO - Evaluating plan stage PhysicalLayerSchemaCreationStage (evaluator.py:123)
2026-08-25 17:00:27,258 - ThreadPoolExecutor-1_0 - sqlmesh.core.snapshot.evaluator - INFO - Creating schema 'sqlmesh__analytics' (evaluator.py:1449)
2026-08-25 17:00:27,305 - ThreadPoolExecutor-1_0 - sqlmesh.core.engine_adapter.base - INFO - Executing SQL: /* SQLMESH_PLAN: 2d1b2601be574412bba8a90759d55bdc */ CREATE SCHEMA IF NOT EXISTS `sqlmesh__analytics` (base.py:2624)
2026-08-25 17:00:27,316 - MainThread - sqlmesh.core.plan.evaluator - INFO - Evaluating plan stage BackfillStage (evaluator.py:123)
2026-08-25 17:00:27,323 - ThreadPoolExecutor-2_0 - sqlmesh.core.snapshot.evaluator - INFO - Listing data objects in schema sqlmesh__analytics (evaluator.py:1616)
2026-08-25 17:00:28,344 - ThreadPoolExecutor-3_0 - sqlmesh.core.snapshot.evaluator - INFO - Evaluating snapshot SnapshotId<"analytics"."products": 3697555370> (evaluator.py:711)
2026-08-25 17:00:28,407 - ThreadPoolExecutor-3_0 - sqlmesh.core.snapshot.evaluator - INFO - Inserting data for snapshot SnapshotId<"analytics"."products": 3697555370> (evaluator.py:952)
2026-08-25 17:00:28,414 - ThreadPoolExecutor-3_0 - sqlmesh.core.snapshot.evaluator - INFO - Inserting batch (2026-08-24 00:00:00, 2026-08-25 00:00:00) into sqlmesh__analytics.analytics__products__2914451666' (evaluator.py:984)
2026-08-25 17:00:28,415 - ThreadPoolExecutor-3_0 - sqlmesh.core.engine_adapter.base - INFO - Executing SQL: /* SQLMESH_PLAN: 2d1b2601be574412bba8a90759d55bdc */ DESCRIBE `sqlmesh__analytics`.`analytics__products__2914451666` (base.py:2624)
2026-08-25 17:00:28,416 - ThreadPoolExecutor-3_0 - sqlmesh.core.engine_adapter.base - INFO - Executing SQL: /* SQLMESH_PLAN: 2d1b2601be574412bba8a90759d55bdc */ CREATE TABLE IF NOT EXISTS `sqlmesh__analytics`.`analytics__products__2914451666` AS SELECT `id` AS `id`, `product_name` AS `product_name`, `price` AS `price`, `quantity` AS `quantity` FROM `supermart`.`products` AS `products` (base.py:2624)
2026-08-25 17:00:28,488 - ThreadPoolExecutor-3_0 - sqlmesh.core.state_sync.db.facade - INFO - Adding interval (2026-08-24 00:00:00, 2026-08-25 00:00:00) for snapshot SnapshotId<"analytics"."products": 3697555370> (facade.py:637)
2026-08-25 17:00:28,488 - ThreadPoolExecutor-3_0 - sqlmesh.core.state_sync.db.interval - INFO - Pushing intervals for snapshot SnapshotId<"analytics"."products": 3697555370> (interval.py:215)
2026-08-25 17:00:28,526 - MainThread - sqlmesh.core.plan.evaluator - INFO - Evaluating plan stage EnvironmentRecordUpdateStage (evaluator.py:123)
2026-08-25 17:00:28,528 - MainThread - sqlmesh.core.state_sync.db.facade - INFO - Promoting environment 'prod' (facade.py:167)
2026-08-25 17:00:28,542 - MainThread - sqlmesh.core.plan.evaluator - INFO - Evaluating plan stage UnpauseStage (evaluator.py:123)
2026-08-25 17:00:28,560 - MainThread - sqlmesh.core.plan.evaluator - INFO - Evaluating plan stage VirtualLayerUpdateStage (evaluator.py:123)
2026-08-25 17:00:28,566 - ThreadPoolExecutor-4_0 - sqlmesh.core.snapshot.evaluator - INFO - Creating schema 'analytics' (evaluator.py:1449)
2026-08-25 17:00:28,612 - ThreadPoolExecutor-4_0 - sqlmesh.core.engine_adapter.base - INFO - Executing SQL: /* SQLMESH_PLAN: 2d1b2601be574412bba8a90759d55bdc */ CREATE SCHEMA IF NOT EXISTS `analytics` (base.py:2624)
2026-08-25 17:00:28,622 - ThreadPoolExecutor-5_0 - sqlmesh.core.snapshot.evaluator - INFO - Listing data objects in schema analytics (evaluator.py:1616)
2026-08-25 17:00:28,723 - ThreadPoolExecutor-6_0 - sqlmesh.core.snapshot.evaluator - INFO - Updating view 'analytics.products' to point at table 'sqlmesh__analytics.analytics__products__2914451666' (evaluator.py:1988)
2026-08-25 17:00:28,723 - ThreadPoolExecutor-6_0 - sqlmesh.core.engine_adapter.base - INFO - Executing SQL: /* SQLMESH_PLAN: 2d1b2601be574412bba8a90759d55bdc */ CREATE OR REPLACE VIEW `analytics`.`products` AS SELECT * FROM `sqlmesh__analytics`.`analytics__products__2914451666` (base.py:2624)
2026-08-25 17:00:28,794 - MainThread - sqlmesh.core.plan.evaluator - INFO - Evaluating plan stage FinalizeEnvironmentStage (evaluator.py:123)
2026-08-25 17:00:28,794 - MainThread - sqlmesh.core.state_sync.db.environment - INFO - Finalizing environment 'prod' (environment.py:141)
2026-08-25 17:00:28,813 - MainThread - root - INFO - Shutting down the event dispatcher (dispatcher.py:159)
