2026-08-25 10:19:50,665 - MainThread - sqlmesh.core.config.connection - INFO - Creating new DuckDB adapter for in-memory database (connection.py:499)
2026-08-25 10:19:50,741 - ThreadPoolExecutor-0_0 - sqlmesh.core.console - WARNING - Model '"sqlmesh_example"."full_model"' was not found at C:\Users\LakshmiVedha\myproject\backend\sqlmesh\tests\test_full_model.yaml (console.py:2335)
2026-08-25 10:19:50,865 - MainThread - sqlmesh.core.state_sync.db.migrator - INFO - Applying migration <module 'sqlmesh.migrations.v0000_baseline' from 'C:\\Users\\LakshmiVedha\\AppData\\Local\\Programs\\Python\\Python312\\Lib\\site-packages\\sqlmesh\\migrations\\v0000_baseline.py'> (migrator.py:185)
2026-08-25 10:19:51,065 - MainThread - sqlmesh.core.state_sync.db.migrator - INFO - Applying migration <module 'sqlmesh.migrations.v0061_mysql_fix_blob_text_type' from 'C:\\Users\\LakshmiVedha\\AppData\\Local\\Programs\\Python\\Python312\\Lib\\site-packages\\sqlmesh\\migrations\\v0061_mysql_fix_blob_text_type.py'> (migrator.py:185)
2026-08-25 10:19:51,138 - MainThread - sqlmesh.core.state_sync.db.migrator - INFO - Applying migration <module 'sqlmesh.migrations.v0062_add_model_gateway' from 'C:\\Users\\LakshmiVedha\\AppData\\Local\\Programs\\Python\\Python312\\Lib\\site-packages\\sqlmesh\\migrations\\v0062_add_model_gateway.py'> (migrator.py:185)
2026-08-25 10:19:51,138 - MainThread - sqlmesh.core.state_sync.db.migrator - INFO - Applying migration <module 'sqlmesh.migrations.v0063_change_signals' from 'C:\\Users\\LakshmiVedha\\AppData\\Local\\Programs\\Python\\Python312\\Lib\\site-packages\\sqlmesh\\migrations\\v0063_change_signals.py'> (migrator.py:185)
2026-08-25 10:19:51,138 - MainThread - sqlmesh.core.state_sync.db.migrator - INFO - Applying migration <module 'sqlmesh.migrations.v0064_join_when_matched_strings' from 'C:\\Users\\LakshmiVedha\\AppData\\Local\\Programs\\Python\\Python312\\Lib\\site-packages\\sqlmesh\\migrations\\v0064_join_when_matched_strings.py'> (migrator.py:185)
2026-08-25 10:19:51,138 - MainThread - sqlmesh.core.state_sync.db.migrator - INFO - Applying migration <module 'sqlmesh.migrations.v0065_add_model_optimize' from 'C:\\Users\\LakshmiVedha\\AppData\\Local\\Programs\\Python\\Python312\\Lib\\site-packages\\sqlmesh\\migrations\\v0065_add_model_optimize.py'> (migrator.py:185)
2026-08-25 10:19:51,138 - MainThread - sqlmesh.core.state_sync.db.migrator - INFO - Applying migration <module 'sqlmesh.migrations.v0066_add_auto_restatements' from 'C:\\Users\\LakshmiVedha\\AppData\\Local\\Programs\\Python\\Python312\\Lib\\site-packages\\sqlmesh\\migrations\\v0066_add_auto_restatements.py'> (migrator.py:185)
2026-08-25 10:19:51,233 - MainThread - sqlmesh.core.state_sync.db.migrator - INFO - Applying migration <module 'sqlmesh.migrations.v0067_add_tsql_date_full_precision' from 'C:\\Users\\LakshmiVedha\\AppData\\Local\\Programs\\Python\\Python312\\Lib\\site-packages\\sqlmesh\\migrations\\v0067_add_tsql_date_full_precision.py'> (migrator.py:185)
2026-08-25 10:19:51,233 - MainThread - sqlmesh.core.state_sync.db.migrator - INFO - Applying migration <module 'sqlmesh.migrations.v0068_include_unrendered_query_in_metadata_hash' from 'C:\\Users\\LakshmiVedha\\AppData\\Local\\Programs\\Python\\Python312\\Lib\\site-packages\\sqlmesh\\migrations\\v0068_include_unrendered_query_in_metadata_hash.py'> (migrator.py:185)
2026-08-25 10:19:51,233 - MainThread - sqlmesh.core.state_sync.db.migrator - INFO - Applying migration <module 'sqlmesh.migrations.v0069_update_dev_table_suffix' from 'C:\\Users\\LakshmiVedha\\AppData\\Local\\Programs\\Python\\Python312\\Lib\\site-packages\\sqlmesh\\migrations\\v0069_update_dev_table_suffix.py'> (migrator.py:185)
2026-08-25 10:19:51,233 - MainThread - sqlmesh.core.state_sync.db.migrator - INFO - Applying migration <module 'sqlmesh.migrations.v0070_include_grains_in_metadata_hash' from 'C:\\Users\\LakshmiVedha\\AppData\\Local\\Programs\\Python\\Python312\\Lib\\site-packages\\sqlmesh\\migrations\\v0070_include_grains_in_metadata_hash.py'> (migrator.py:185)
2026-08-25 10:19:51,233 - MainThread - sqlmesh.core.state_sync.db.migrator - INFO - Applying migration <module 'sqlmesh.migrations.v0071_add_dev_version_to_intervals' from 'C:\\Users\\LakshmiVedha\\AppData\\Local\\Programs\\Python\\Python312\\Lib\\site-packages\\sqlmesh\\migrations\\v0071_add_dev_version_to_intervals.py'> (migrator.py:185)
2026-08-25 10:19:51,298 - MainThread - sqlmesh.core.state_sync.db.migrator - INFO - Applying migration <module 'sqlmesh.migrations.v0072_add_environment_statements' from 'C:\\Users\\LakshmiVedha\\AppData\\Local\\Programs\\Python\\Python312\\Lib\\site-packages\\sqlmesh\\migrations\\v0072_add_environment_statements.py'> (migrator.py:185)
2026-08-25 10:19:51,312 - MainThread - sqlmesh.core.state_sync.db.migrator - INFO - Applying migration <module 'sqlmesh.migrations.v0073_remove_symbolic_disable_restatement' from 'C:\\Users\\LakshmiVedha\\AppData\\Local\\Programs\\Python\\Python312\\Lib\\site-packages\\sqlmesh\\migrations\\v0073_remove_symbolic_disable_restatement.py'> (migrator.py:185)
2026-08-25 10:19:51,312 - MainThread - sqlmesh.core.state_sync.db.migrator - INFO - Applying migration <module 'sqlmesh.migrations.v0074_add_partition_by_time_column_property' from 'C:\\Users\\LakshmiVedha\\AppData\\Local\\Programs\\Python\\Python312\\Lib\\site-packages\\sqlmesh\\migrations\\v0074_add_partition_by_time_column_property.py'> (migrator.py:185)
2026-08-25 10:19:51,312 - MainThread - sqlmesh.core.state_sync.db.migrator - INFO - Applying migration <module 'sqlmesh.migrations.v0075_remove_validate_query' from 'C:\\Users\\LakshmiVedha\\AppData\\Local\\Programs\\Python\\Python312\\Lib\\site-packages\\sqlmesh\\migrations\\v0075_remove_validate_query.py'> (migrator.py:185)
2026-08-25 10:19:51,312 - MainThread - sqlmesh.core.state_sync.db.migrator - INFO - Applying migration <module 'sqlmesh.migrations.v0076_add_cron_tz' from 'C:\\Users\\LakshmiVedha\\AppData\\Local\\Programs\\Python\\Python312\\Lib\\site-packages\\sqlmesh\\migrations\\v0076_add_cron_tz.py'> (migrator.py:185)
2026-08-25 10:19:51,312 - MainThread - sqlmesh.core.state_sync.db.migrator - INFO - Applying migration <module 'sqlmesh.migrations.v0077_fix_column_type_hash_calculation' from 'C:\\Users\\LakshmiVedha\\AppData\\Local\\Programs\\Python\\Python312\\Lib\\site-packages\\sqlmesh\\migrations\\v0077_fix_column_type_hash_calculation.py'> (migrator.py:185)
2026-08-25 10:19:51,312 - MainThread - sqlmesh.core.state_sync.db.migrator - INFO - Applying migration <module 'sqlmesh.migrations.v0078_warn_if_non_migratable_python_env' from 'C:\\Users\\LakshmiVedha\\AppData\\Local\\Programs\\Python\\Python312\\Lib\\site-packages\\sqlmesh\\migrations\\v0078_warn_if_non_migratable_python_env.py'> (migrator.py:185)
2026-08-25 10:19:51,312 - MainThread - sqlmesh.core.state_sync.db.migrator - INFO - Applying migration <module 'sqlmesh.migrations.v0079_add_gateway_managed_property' from 'C:\\Users\\LakshmiVedha\\AppData\\Local\\Programs\\Python\\Python312\\Lib\\site-packages\\sqlmesh\\migrations\\v0079_add_gateway_managed_property.py'> (migrator.py:185)
2026-08-25 10:19:51,370 - MainThread - sqlmesh.core.state_sync.db.migrator - INFO - Applying migration <module 'sqlmesh.migrations.v0080_add_batch_size_to_scd_type_2_models' from 'C:\\Users\\LakshmiVedha\\AppData\\Local\\Programs\\Python\\Python312\\Lib\\site-packages\\sqlmesh\\migrations\\v0080_add_batch_size_to_scd_type_2_models.py'> (migrator.py:185)
2026-08-25 10:19:51,370 - MainThread - sqlmesh.core.state_sync.db.migrator - INFO - Applying migration <module 'sqlmesh.migrations.v0081_update_partitioned_by' from 'C:\\Users\\LakshmiVedha\\AppData\\Local\\Programs\\Python\\Python312\\Lib\\site-packages\\sqlmesh\\migrations\\v0081_update_partitioned_by.py'> (migrator.py:185)
2026-08-25 10:19:51,370 - MainThread - sqlmesh.core.state_sync.db.migrator - INFO - Applying migration <module 'sqlmesh.migrations.v0082_warn_if_incorrectly_duplicated_statements' from 'C:\\Users\\LakshmiVedha\\AppData\\Local\\Programs\\Python\\Python312\\Lib\\site-packages\\sqlmesh\\migrations\\v0082_warn_if_incorrectly_duplicated_statements.py'> (migrator.py:185)
2026-08-25 10:19:51,370 - MainThread - sqlmesh.core.state_sync.db.migrator - INFO - Applying migration <module 'sqlmesh.migrations.v0083_use_sql_for_scd_time_data_type_data_hash' from 'C:\\Users\\LakshmiVedha\\AppData\\Local\\Programs\\Python\\Python312\\Lib\\site-packages\\sqlmesh\\migrations\\v0083_use_sql_for_scd_time_data_type_data_hash.py'> (migrator.py:185)
2026-08-25 10:19:51,370 - MainThread - sqlmesh.core.state_sync.db.migrator - INFO - Applying migration <module 'sqlmesh.migrations.v0084_normalize_quote_when_matched_and_merge_filter' from 'C:\\Users\\LakshmiVedha\\AppData\\Local\\Programs\\Python\\Python312\\Lib\\site-packages\\sqlmesh\\migrations\\v0084_normalize_quote_when_matched_and_merge_filter.py'> (migrator.py:185)
2026-08-25 10:19:51,370 - MainThread - sqlmesh.core.state_sync.db.migrator - INFO - Applying migration <module 'sqlmesh.migrations.v0085_deterministic_repr' from 'C:\\Users\\LakshmiVedha\\AppData\\Local\\Programs\\Python\\Python312\\Lib\\site-packages\\sqlmesh\\migrations\\v0085_deterministic_repr.py'> (migrator.py:185)
2026-08-25 10:19:51,370 - MainThread - sqlmesh.core.state_sync.db.migrator - INFO - Applying migration <module 'sqlmesh.migrations.v0086_check_deterministic_bug' from 'C:\\Users\\LakshmiVedha\\AppData\\Local\\Programs\\Python\\Python312\\Lib\\site-packages\\sqlmesh\\migrations\\v0086_check_deterministic_bug.py'> (migrator.py:185)
2026-08-25 10:19:51,370 - MainThread - sqlmesh.core.state_sync.db.migrator - INFO - Applying migration <module 'sqlmesh.migrations.v0087_normalize_blueprint_variables' from 'C:\\Users\\LakshmiVedha\\AppData\\Local\\Programs\\Python\\Python312\\Lib\\site-packages\\sqlmesh\\migrations\\v0087_normalize_blueprint_variables.py'> (migrator.py:185)
2026-08-25 10:19:51,370 - MainThread - sqlmesh.core.state_sync.db.migrator - INFO - Applying migration <module 'sqlmesh.migrations.v0088_warn_about_variable_python_env_diffs' from 'C:\\Users\\LakshmiVedha\\AppData\\Local\\Programs\\Python\\Python312\\Lib\\site-packages\\sqlmesh\\migrations\\v0088_warn_about_variable_python_env_diffs.py'> (migrator.py:185)
2026-08-25 10:19:51,370 - MainThread - sqlmesh.core.state_sync.db.migrator - INFO - Applying migration <module 'sqlmesh.migrations.v0089_add_virtual_environment_mode' from 'C:\\Users\\LakshmiVedha\\AppData\\Local\\Programs\\Python\\Python312\\Lib\\site-packages\\sqlmesh\\migrations\\v0089_add_virtual_environment_mode.py'> (migrator.py:185)
2026-08-25 10:19:51,370 - MainThread - sqlmesh.core.state_sync.db.migrator - INFO - Applying migration <module 'sqlmesh.migrations.v0090_add_forward_only_column' from 'C:\\Users\\LakshmiVedha\\AppData\\Local\\Programs\\Python\\Python312\\Lib\\site-packages\\sqlmesh\\migrations\\v0090_add_forward_only_column.py'> (migrator.py:185)
2026-08-25 10:19:51,424 - MainThread - sqlmesh.core.state_sync.db.migrator - INFO - Applying migration <module 'sqlmesh.migrations.v0091_on_additive_change' from 'C:\\Users\\LakshmiVedha\\AppData\\Local\\Programs\\Python\\Python312\\Lib\\site-packages\\sqlmesh\\migrations\\v0091_on_additive_change.py'> (migrator.py:185)
2026-08-25 10:19:51,424 - MainThread - sqlmesh.core.state_sync.db.migrator - INFO - Applying migration <module 'sqlmesh.migrations.v0092_warn_about_dbt_data_type_diff' from 'C:\\Users\\LakshmiVedha\\AppData\\Local\\Programs\\Python\\Python312\\Lib\\site-packages\\sqlmesh\\migrations\\v0092_warn_about_dbt_data_type_diff.py'> (migrator.py:185)
2026-08-25 10:19:51,424 - MainThread - sqlmesh.core.state_sync.db.migrator - INFO - Applying migration <module 'sqlmesh.migrations.v0093_use_raw_sql_in_fingerprint' from 'C:\\Users\\LakshmiVedha\\AppData\\Local\\Programs\\Python\\Python312\\Lib\\site-packages\\sqlmesh\\migrations\\v0093_use_raw_sql_in_fingerprint.py'> (migrator.py:185)
2026-08-25 10:19:51,424 - MainThread - sqlmesh.core.state_sync.db.migrator - INFO - Applying migration <module 'sqlmesh.migrations.v0094_add_dev_version_and_fingerprint_columns' from 'C:\\Users\\LakshmiVedha\\AppData\\Local\\Programs\\Python\\Python312\\Lib\\site-packages\\sqlmesh\\migrations\\v0094_add_dev_version_and_fingerprint_columns.py'> (migrator.py:185)
2026-08-25 10:19:51,541 - MainThread - sqlmesh.core.state_sync.db.migrator - INFO - Applying migration <module 'sqlmesh.migrations.v0095_warn_about_dbt_raw_sql_diff' from 'C:\\Users\\LakshmiVedha\\AppData\\Local\\Programs\\Python\\Python312\\Lib\\site-packages\\sqlmesh\\migrations\\v0095_warn_about_dbt_raw_sql_diff.py'> (migrator.py:185)
2026-08-25 10:19:51,541 - MainThread - sqlmesh.core.state_sync.db.migrator - INFO - Applying migration <module 'sqlmesh.migrations.v0096_remove_plan_dags_table' from 'C:\\Users\\LakshmiVedha\\AppData\\Local\\Programs\\Python\\Python312\\Lib\\site-packages\\sqlmesh\\migrations\\v0096_remove_plan_dags_table.py'> (migrator.py:185)
2026-08-25 10:19:51,541 - MainThread - sqlmesh.core.state_sync.db.migrator - INFO - Applying migration <module 'sqlmesh.migrations.v0097_add_dbt_name_in_node' from 'C:\\Users\\LakshmiVedha\\AppData\\Local\\Programs\\Python\\Python312\\Lib\\site-packages\\sqlmesh\\migrations\\v0097_add_dbt_name_in_node.py'> (migrator.py:185)
2026-08-25 10:19:51,541 - MainThread - sqlmesh.core.state_sync.db.migrator - INFO - Applying migration <module 'sqlmesh.migrations.v0098_add_dbt_node_info_in_node' from 'C:\\Users\\LakshmiVedha\\AppData\\Local\\Programs\\Python\\Python312\\Lib\\site-packages\\sqlmesh\\migrations\\v0098_add_dbt_node_info_in_node.py'> (migrator.py:185)
2026-08-25 10:19:51,541 - MainThread - sqlmesh.core.state_sync.db.migrator - INFO - Applying migration <module 'sqlmesh.migrations.v0099_add_last_altered_to_intervals' from 'C:\\Users\\LakshmiVedha\\AppData\\Local\\Programs\\Python\\Python312\\Lib\\site-packages\\sqlmesh\\migrations\\v0099_add_last_altered_to_intervals.py'> (migrator.py:185)
2026-08-25 10:19:51,599 - MainThread - sqlmesh.core.state_sync.db.migrator - INFO - Applying migration <module 'sqlmesh.migrations.v0100_add_grants_and_grants_target_layer' from 'C:\\Users\\LakshmiVedha\\AppData\\Local\\Programs\\Python\\Python312\\Lib\\site-packages\\sqlmesh\\migrations\\v0100_add_grants_and_grants_target_layer.py'> (migrator.py:185)
2026-08-25 10:19:51,599 - MainThread - sqlmesh.core.state_sync.db.migrator - INFO - Applying migration <module 'sqlmesh.migrations.v0101_include_custom_audit_args_in_fingerprint' from 'C:\\Users\\LakshmiVedha\\AppData\\Local\\Programs\\Python\\Python312\\Lib\\site-packages\\sqlmesh\\migrations\\v0101_include_custom_audit_args_in_fingerprint.py'> (migrator.py:185)
2026-08-25 10:19:51,599 - MainThread - sqlmesh.core.state_sync.db.migrator - INFO - Fetching environments (migrator.py:207)
2026-08-25 10:19:51,599 - MainThread - sqlmesh.core.state_sync.db.migrator - INFO - Migrating snapshot rows... (migrator.py:224)
2026-08-25 10:19:51,612 - MainThread - sqlmesh.core.state_sync.db.migrator - INFO - No changes to snapshots detected (migrator.py:217)
2026-08-25 10:23:25,315 - MainThread - sqlmesh.core.plan.evaluator - INFO - Evaluating plan stage CreateSnapshotRecordsStage (evaluator.py:123)
2026-08-25 10:23:25,395 - MainThread - sqlmesh.core.plan.evaluator - INFO - Evaluating plan stage PhysicalLayerSchemaCreationStage (evaluator.py:123)
2026-08-25 10:23:25,395 - ThreadPoolExecutor-1_0 - sqlmesh.core.snapshot.evaluator - INFO - Creating schema 'sqlmesh__supermart' (evaluator.py:1449)
2026-08-25 10:23:25,458 - ThreadPoolExecutor-1_0 - sqlmesh.core.engine_adapter.base - INFO - Executing SQL: /* SQLMESH_PLAN: 558b4d127f294725ba5db53b17baabec */ CREATE SCHEMA IF NOT EXISTS `sqlmesh__supermart` (base.py:2624)
2026-08-25 10:23:25,474 - MainThread - sqlmesh.core.plan.evaluator - INFO - Evaluating plan stage BackfillStage (evaluator.py:123)
2026-08-25 10:23:25,480 - ThreadPoolExecutor-2_0 - sqlmesh.core.snapshot.evaluator - INFO - Listing data objects in schema sqlmesh__supermart (evaluator.py:1616)
2026-08-25 10:23:26,056 - ThreadPoolExecutor-3_0 - sqlmesh.core.snapshot.evaluator - INFO - Evaluating snapshot SnapshotId<"supermart"."products": 1589438501> (evaluator.py:711)
2026-08-25 10:23:26,121 - ThreadPoolExecutor-3_0 - sqlmesh.core.snapshot.evaluator - INFO - Inserting data for snapshot SnapshotId<"supermart"."products": 1589438501> (evaluator.py:952)
2026-08-25 10:23:26,132 - ThreadPoolExecutor-3_0 - sqlmesh.core.snapshot.evaluator - INFO - Inserting batch (2026-08-24 00:00:00, 2026-08-25 00:00:00) into sqlmesh__supermart.supermart__products__1498494511' (evaluator.py:984)
2026-08-25 10:23:26,132 - ThreadPoolExecutor-3_0 - sqlmesh.core.engine_adapter.base - INFO - Executing SQL: /* SQLMESH_PLAN: 558b4d127f294725ba5db53b17baabec */ DESCRIBE `sqlmesh__supermart`.`supermart__products__1498494511` (base.py:2624)
2026-08-25 10:23:26,137 - ThreadPoolExecutor-3_0 - sqlmesh.core.engine_adapter.base - INFO - Executing SQL: /* SQLMESH_PLAN: 558b4d127f294725ba5db53b17baabec */ CREATE TABLE IF NOT EXISTS `sqlmesh__supermart`.`supermart__products__1498494511` AS SELECT `id` AS `id`, `product_name` AS `product_name`, `price` AS `price`, `quantity` AS `quantity` FROM `products` AS `products` (base.py:2624)
2026-08-25 10:23:26,240 - ThreadPoolExecutor-3_0 - sqlmesh.core.state_sync.db.facade - INFO - Adding interval (2026-08-24 00:00:00, 2026-08-25 00:00:00) for snapshot SnapshotId<"supermart"."products": 1589438501> (facade.py:637)
2026-08-25 10:23:26,240 - ThreadPoolExecutor-3_0 - sqlmesh.core.state_sync.db.interval - INFO - Pushing intervals for snapshot SnapshotId<"supermart"."products": 1589438501> (interval.py:215)
2026-08-25 10:23:26,278 - MainThread - sqlmesh.core.plan.evaluator - INFO - Evaluating plan stage EnvironmentRecordUpdateStage (evaluator.py:123)
2026-08-25 10:23:26,278 - MainThread - sqlmesh.core.state_sync.db.facade - INFO - Promoting environment 'prod' (facade.py:167)
2026-08-25 10:23:26,310 - MainThread - sqlmesh.core.plan.evaluator - INFO - Evaluating plan stage UnpauseStage (evaluator.py:123)
2026-08-25 10:23:26,326 - MainThread - sqlmesh.core.plan.evaluator - INFO - Evaluating plan stage VirtualLayerUpdateStage (evaluator.py:123)
2026-08-25 10:23:26,333 - ThreadPoolExecutor-4_0 - sqlmesh.core.snapshot.evaluator - INFO - Creating schema 'supermart' (evaluator.py:1449)
2026-08-25 10:23:26,387 - ThreadPoolExecutor-4_0 - sqlmesh.core.engine_adapter.base - INFO - Executing SQL: /* SQLMESH_PLAN: 558b4d127f294725ba5db53b17baabec */ CREATE SCHEMA IF NOT EXISTS `supermart` (base.py:2624)
2026-08-25 10:23:26,395 - ThreadPoolExecutor-5_0 - sqlmesh.core.snapshot.evaluator - INFO - Listing data objects in schema supermart (evaluator.py:1616)
2026-08-25 10:23:26,500 - ThreadPoolExecutor-6_0 - sqlmesh.core.snapshot.evaluator - INFO - Updating view 'supermart.products' to point at table 'sqlmesh__supermart.supermart__products__1498494511' (evaluator.py:1988)
2026-08-25 10:23:26,500 - ThreadPoolExecutor-6_0 - sqlmesh.core.engine_adapter.base - WARNING - Target data object '`supermart`.`products`' is a table and not a view, dropping it (base.py:2901)
2026-08-25 10:23:26,500 - ThreadPoolExecutor-6_0 - sqlmesh.core.engine_adapter.base - INFO - Executing SQL: /* SQLMESH_PLAN: 558b4d127f294725ba5db53b17baabec */ DROP TABLE IF EXISTS `supermart`.`products` (base.py:2624)
2026-08-25 10:23:26,531 - MainThread - sqlmesh.core.context - INFO - Plan application failed. (context.py:1808)
Traceback (most recent call last):
  File "C:\Users\LakshmiVedha\AppData\Local\Programs\Python\Python312\Lib\site-packages\sqlmesh\utils\concurrency.py", line 69, in _process_node
    self.fn(node)
  File "C:\Users\LakshmiVedha\AppData\Local\Programs\Python\Python312\Lib\site-packages\sqlmesh\utils\concurrency.py", line 172, in <lambda>
    lambda s_id: fn(snapshots_by_id[s_id]),
                 ^^^^^^^^^^^^^^^^^^^^^^^^^
  File "C:\Users\LakshmiVedha\AppData\Local\Programs\Python\Python312\Lib\site-packages\sqlmesh\core\snapshot\evaluator.py", line 318, in <lambda>
    lambda s: self._promote_snapshot(
              ^^^^^^^^^^^^^^^^^^^^^^^
  File "C:\Users\LakshmiVedha\AppData\Local\Programs\Python\Python312\Lib\site-packages\sqlmesh\core\snapshot\evaluator.py", line 1272, in _promote_snapshot
    _evaluation_strategy(snapshot, adapter).promote(
  File "C:\Users\LakshmiVedha\AppData\Local\Programs\Python\Python312\Lib\site-packages\sqlmesh\core\snapshot\evaluator.py", line 1999, in promote
    self.adapter.create_view(
  File "C:\Users\LakshmiVedha\AppData\Local\Programs\Python\Python312\Lib\site-packages\sqlmesh\core\engine_adapter\shared.py", line 335, in internal_wrapper
    return func(*list_args, **kwargs)
           ^^^^^^^^^^^^^^^^^^^^^^^^^^
  File "C:\Users\LakshmiVedha\AppData\Local\Programs\Python\Python312\Lib\site-packages\sqlmesh\core\engine_adapter\base.py", line 1337, in create_view
    self.drop_data_object_on_type_mismatch(
  File "C:\Users\LakshmiVedha\AppData\Local\Programs\Python\Python312\Lib\site-packages\sqlmesh\core\engine_adapter\base.py", line 2907, in drop_data_object_on_type_mismatch
    self.drop_data_object(data_object)
  File "C:\Users\LakshmiVedha\AppData\Local\Programs\Python\Python312\Lib\site-packages\sqlmesh\core\engine_adapter\base.py", line 1109, in drop_data_object
    self.drop_table(data_object.to_table(), exists=ignore_if_not_exists)
  File "C:\Users\LakshmiVedha\AppData\Local\Programs\Python\Python312\Lib\site-packages\sqlmesh\core\engine_adapter\shared.py", line 335, in internal_wrapper
    return func(*list_args, **kwargs)
           ^^^^^^^^^^^^^^^^^^^^^^^^^^
  File "C:\Users\LakshmiVedha\AppData\Local\Programs\Python\Python312\Lib\site-packages\sqlmesh\core\engine_adapter\base.py", line 1124, in drop_table
    self._drop_object(name=table_name, exists=exists, **kwargs)
  File "C:\Users\LakshmiVedha\AppData\Local\Programs\Python\Python312\Lib\site-packages\sqlmesh\core\engine_adapter\base.py", line 1158, in _drop_object
    self.execute(exp.Drop(this=exp.to_table(name), kind=kind, exists=exists, **drop_args))
  File "C:\Users\LakshmiVedha\AppData\Local\Programs\Python\Python312\Lib\site-packages\sqlmesh\core\engine_adapter\base.py", line 2601, in execute
    self._execute(sql, track_rows_processed, **kwargs)
  File "C:\Users\LakshmiVedha\AppData\Local\Programs\Python\Python312\Lib\site-packages\sqlmesh\core\engine_adapter\base.py", line 2633, in _execute
    self.cursor.execute(sql, **kwargs)
  File "C:\Users\LakshmiVedha\AppData\Local\Programs\Python\Python312\Lib\site-packages\pymysql\cursors.py", line 159, in execute
    result = self._query(query)
             ^^^^^^^^^^^^^^^^^^
  File "C:\Users\LakshmiVedha\AppData\Local\Programs\Python\Python312\Lib\site-packages\pymysql\cursors.py", line 330, in _query
    conn.query(q)
  File "C:\Users\LakshmiVedha\AppData\Local\Programs\Python\Python312\Lib\site-packages\pymysql\connections.py", line 582, in query
    self._affected_rows = self._read_query_result(unbuffered=unbuffered)
                          ^^^^^^^^^^^^^^^^^^^^^^^^^^^^^^^^^^^^^^^^^^^^^^
  File "C:\Users\LakshmiVedha\AppData\Local\Programs\Python\Python312\Lib\site-packages\pymysql\connections.py", line 847, in _read_query_result
    result.read()
  File "C:\Users\LakshmiVedha\AppData\Local\Programs\Python\Python312\Lib\site-packages\pymysql\connections.py", line 1245, in read
    first_packet = self.connection._read_packet()
                   ^^^^^^^^^^^^^^^^^^^^^^^^^^^^^^
  File "C:\Users\LakshmiVedha\AppData\Local\Programs\Python\Python312\Lib\site-packages\pymysql\connections.py", line 803, in _read_packet
    packet.raise_for_error()
  File "C:\Users\LakshmiVedha\AppData\Local\Programs\Python\Python312\Lib\site-packages\pymysql\protocol.py", line 219, in raise_for_error
    err.raise_mysql_exception(self._data)
  File "C:\Users\LakshmiVedha\AppData\Local\Programs\Python\Python312\Lib\site-packages\pymysql\err.py", line 154, in raise_mysql_exception
    raise errorclass(errno, errval, sqlstate=sqlstate)
pymysql.err.OperationalError: (3730, "Cannot drop table 'products' referenced by a foreign key constraint 'bill_items_ibfk_2' on table 'bill_items'.")

The above exception was the direct cause of the following exception:

Traceback (most recent call last):
  File "C:\Users\LakshmiVedha\AppData\Local\Programs\Python\Python312\Lib\site-packages\sqlmesh\core\context.py", line 1800, in apply
    self._apply(plan, circuit_breaker)
  File "C:\Users\LakshmiVedha\AppData\Local\Programs\Python\Python312\Lib\site-packages\sqlmesh\core\context.py", line 2593, in _apply
    self._scheduler.create_plan_evaluator(self).evaluate(
  File "C:\Users\LakshmiVedha\AppData\Local\Programs\Python\Python312\Lib\site-packages\sqlmesh\core\plan\evaluator.py", line 105, in evaluate
    self._evaluate_stages(plan_stages, plan)
  File "C:\Users\LakshmiVedha\AppData\Local\Programs\Python\Python312\Lib\site-packages\sqlmesh\core\plan\evaluator.py", line 125, in _evaluate_stages
    handler(stage, plan)
  File "C:\Users\LakshmiVedha\AppData\Local\Programs\Python\Python312\Lib\site-packages\sqlmesh\core\plan\evaluator.py", line 402, in visit_virtual_layer_update_stage
    self._promote_snapshots(
  File "C:\Users\LakshmiVedha\AppData\Local\Programs\Python\Python312\Lib\site-packages\sqlmesh\core\plan\evaluator.py", line 437, in _promote_snapshots
    self.snapshot_evaluator.promote(
  File "C:\Users\LakshmiVedha\AppData\Local\Programs\Python\Python312\Lib\site-packages\sqlmesh\core\snapshot\evaluator.py", line 316, in promote
    concurrent_apply_to_snapshots(
  File "C:\Users\LakshmiVedha\AppData\Local\Programs\Python\Python312\Lib\site-packages\sqlmesh\utils\concurrency.py", line 170, in concurrent_apply_to_snapshots
    return concurrent_apply_to_dag(
           ^^^^^^^^^^^^^^^^^^^^^^^^
  File "C:\Users\LakshmiVedha\AppData\Local\Programs\Python\Python312\Lib\site-packages\sqlmesh\utils\concurrency.py", line 212, in concurrent_apply_to_dag
    ).run()
      ^^^^^
  File "C:\Users\LakshmiVedha\AppData\Local\Programs\Python\Python312\Lib\site-packages\sqlmesh\utils\concurrency.py", line 64, in run
    self._finished_future.result()
  File "C:\Users\LakshmiVedha\AppData\Local\Programs\Python\Python312\Lib\concurrent\futures\_base.py", line 456, in result
    return self.__get_result()
           ^^^^^^^^^^^^^^^^^^^
  File "C:\Users\LakshmiVedha\AppData\Local\Programs\Python\Python312\Lib\concurrent\futures\_base.py", line 401, in __get_result
    raise self._exception
sqlmesh.utils.concurrency.NodeExecutionFailedError: Execution failed for node SnapshotId<"supermart"."products": 1589438501>
2026-08-25 10:23:26,554 - MainThread - root - INFO - Shutting down the event dispatcher (dispatcher.py:159)
