2026-08-25 10:43:52,831 - MainThread - sqlmesh.core.state_sync.db.migrator - INFO - Applying migration <module 'sqlmesh.migrations.v0000_baseline' from 'C:\\Users\\LakshmiVedha\\AppData\\Local\\Programs\\Python\\Python312\\Lib\\site-packages\\sqlmesh\\migrations\\v0000_baseline.py'> (migrator.py:185)
2026-08-25 10:43:53,071 - MainThread - sqlmesh.core.state_sync.db.migrator - INFO - Applying migration <module 'sqlmesh.migrations.v0061_mysql_fix_blob_text_type' from 'C:\\Users\\LakshmiVedha\\AppData\\Local\\Programs\\Python\\Python312\\Lib\\site-packages\\sqlmesh\\migrations\\v0061_mysql_fix_blob_text_type.py'> (migrator.py:185)
2026-08-25 10:43:53,151 - MainThread - sqlmesh.core.state_sync.db.migrator - INFO - Applying migration <module 'sqlmesh.migrations.v0062_add_model_gateway' from 'C:\\Users\\LakshmiVedha\\AppData\\Local\\Programs\\Python\\Python312\\Lib\\site-packages\\sqlmesh\\migrations\\v0062_add_model_gateway.py'> (migrator.py:185)
2026-08-25 10:43:53,151 - MainThread - sqlmesh.core.state_sync.db.migrator - INFO - Applying migration <module 'sqlmesh.migrations.v0063_change_signals' from 'C:\\Users\\LakshmiVedha\\AppData\\Local\\Programs\\Python\\Python312\\Lib\\site-packages\\sqlmesh\\migrations\\v0063_change_signals.py'> (migrator.py:185)
2026-08-25 10:43:53,151 - MainThread - sqlmesh.core.state_sync.db.migrator - INFO - Applying migration <module 'sqlmesh.migrations.v0064_join_when_matched_strings' from 'C:\\Users\\LakshmiVedha\\AppData\\Local\\Programs\\Python\\Python312\\Lib\\site-packages\\sqlmesh\\migrations\\v0064_join_when_matched_strings.py'> (migrator.py:185)
2026-08-25 10:43:53,151 - MainThread - sqlmesh.core.state_sync.db.migrator - INFO - Applying migration <module 'sqlmesh.migrations.v0065_add_model_optimize' from 'C:\\Users\\LakshmiVedha\\AppData\\Local\\Programs\\Python\\Python312\\Lib\\site-packages\\sqlmesh\\migrations\\v0065_add_model_optimize.py'> (migrator.py:185)
2026-08-25 10:43:53,151 - MainThread - sqlmesh.core.state_sync.db.migrator - INFO - Applying migration <module 'sqlmesh.migrations.v0066_add_auto_restatements' from 'C:\\Users\\LakshmiVedha\\AppData\\Local\\Programs\\Python\\Python312\\Lib\\site-packages\\sqlmesh\\migrations\\v0066_add_auto_restatements.py'> (migrator.py:185)
2026-08-25 10:43:53,223 - MainThread - sqlmesh.core.state_sync.db.migrator - INFO - Applying migration <module 'sqlmesh.migrations.v0067_add_tsql_date_full_precision' from 'C:\\Users\\LakshmiVedha\\AppData\\Local\\Programs\\Python\\Python312\\Lib\\site-packages\\sqlmesh\\migrations\\v0067_add_tsql_date_full_precision.py'> (migrator.py:185)
2026-08-25 10:43:53,223 - MainThread - sqlmesh.core.state_sync.db.migrator - INFO - Applying migration <module 'sqlmesh.migrations.v0068_include_unrendered_query_in_metadata_hash' from 'C:\\Users\\LakshmiVedha\\AppData\\Local\\Programs\\Python\\Python312\\Lib\\site-packages\\sqlmesh\\migrations\\v0068_include_unrendered_query_in_metadata_hash.py'> (migrator.py:185)
2026-08-25 10:43:53,223 - MainThread - sqlmesh.core.state_sync.db.migrator - INFO - Applying migration <module 'sqlmesh.migrations.v0069_update_dev_table_suffix' from 'C:\\Users\\LakshmiVedha\\AppData\\Local\\Programs\\Python\\Python312\\Lib\\site-packages\\sqlmesh\\migrations\\v0069_update_dev_table_suffix.py'> (migrator.py:185)
2026-08-25 10:43:53,223 - MainThread - sqlmesh.core.state_sync.db.migrator - INFO - Applying migration <module 'sqlmesh.migrations.v0070_include_grains_in_metadata_hash' from 'C:\\Users\\LakshmiVedha\\AppData\\Local\\Programs\\Python\\Python312\\Lib\\site-packages\\sqlmesh\\migrations\\v0070_include_grains_in_metadata_hash.py'> (migrator.py:185)
2026-08-25 10:43:53,223 - MainThread - sqlmesh.core.state_sync.db.migrator - INFO - Applying migration <module 'sqlmesh.migrations.v0071_add_dev_version_to_intervals' from 'C:\\Users\\LakshmiVedha\\AppData\\Local\\Programs\\Python\\Python312\\Lib\\site-packages\\sqlmesh\\migrations\\v0071_add_dev_version_to_intervals.py'> (migrator.py:185)
2026-08-25 10:43:53,279 - MainThread - sqlmesh.core.state_sync.db.migrator - INFO - Applying migration <module 'sqlmesh.migrations.v0072_add_environment_statements' from 'C:\\Users\\LakshmiVedha\\AppData\\Local\\Programs\\Python\\Python312\\Lib\\site-packages\\sqlmesh\\migrations\\v0072_add_environment_statements.py'> (migrator.py:185)
2026-08-25 10:43:53,305 - MainThread - sqlmesh.core.state_sync.db.migrator - INFO - Applying migration <module 'sqlmesh.migrations.v0073_remove_symbolic_disable_restatement' from 'C:\\Users\\LakshmiVedha\\AppData\\Local\\Programs\\Python\\Python312\\Lib\\site-packages\\sqlmesh\\migrations\\v0073_remove_symbolic_disable_restatement.py'> (migrator.py:185)
2026-08-25 10:43:53,305 - MainThread - sqlmesh.core.state_sync.db.migrator - INFO - Applying migration <module 'sqlmesh.migrations.v0074_add_partition_by_time_column_property' from 'C:\\Users\\LakshmiVedha\\AppData\\Local\\Programs\\Python\\Python312\\Lib\\site-packages\\sqlmesh\\migrations\\v0074_add_partition_by_time_column_property.py'> (migrator.py:185)
2026-08-25 10:43:53,305 - MainThread - sqlmesh.core.state_sync.db.migrator - INFO - Applying migration <module 'sqlmesh.migrations.v0075_remove_validate_query' from 'C:\\Users\\LakshmiVedha\\AppData\\Local\\Programs\\Python\\Python312\\Lib\\site-packages\\sqlmesh\\migrations\\v0075_remove_validate_query.py'> (migrator.py:185)
2026-08-25 10:43:53,305 - MainThread - sqlmesh.core.state_sync.db.migrator - INFO - Applying migration <module 'sqlmesh.migrations.v0076_add_cron_tz' from 'C:\\Users\\LakshmiVedha\\AppData\\Local\\Programs\\Python\\Python312\\Lib\\site-packages\\sqlmesh\\migrations\\v0076_add_cron_tz.py'> (migrator.py:185)
2026-08-25 10:43:53,305 - MainThread - sqlmesh.core.state_sync.db.migrator - INFO - Applying migration <module 'sqlmesh.migrations.v0077_fix_column_type_hash_calculation' from 'C:\\Users\\LakshmiVedha\\AppData\\Local\\Programs\\Python\\Python312\\Lib\\site-packages\\sqlmesh\\migrations\\v0077_fix_column_type_hash_calculation.py'> (migrator.py:185)
2026-08-25 10:43:53,305 - MainThread - sqlmesh.core.state_sync.db.migrator - INFO - Applying migration <module 'sqlmesh.migrations.v0078_warn_if_non_migratable_python_env' from 'C:\\Users\\LakshmiVedha\\AppData\\Local\\Programs\\Python\\Python312\\Lib\\site-packages\\sqlmesh\\migrations\\v0078_warn_if_non_migratable_python_env.py'> (migrator.py:185)
2026-08-25 10:43:53,305 - MainThread - sqlmesh.core.state_sync.db.migrator - INFO - Applying migration <module 'sqlmesh.migrations.v0079_add_gateway_managed_property' from 'C:\\Users\\LakshmiVedha\\AppData\\Local\\Programs\\Python\\Python312\\Lib\\site-packages\\sqlmesh\\migrations\\v0079_add_gateway_managed_property.py'> (migrator.py:185)
2026-08-25 10:43:53,351 - MainThread - sqlmesh.core.state_sync.db.migrator - INFO - Applying migration <module 'sqlmesh.migrations.v0080_add_batch_size_to_scd_type_2_models' from 'C:\\Users\\LakshmiVedha\\AppData\\Local\\Programs\\Python\\Python312\\Lib\\site-packages\\sqlmesh\\migrations\\v0080_add_batch_size_to_scd_type_2_models.py'> (migrator.py:185)
2026-08-25 10:43:53,351 - MainThread - sqlmesh.core.state_sync.db.migrator - INFO - Applying migration <module 'sqlmesh.migrations.v0081_update_partitioned_by' from 'C:\\Users\\LakshmiVedha\\AppData\\Local\\Programs\\Python\\Python312\\Lib\\site-packages\\sqlmesh\\migrations\\v0081_update_partitioned_by.py'> (migrator.py:185)
2026-08-25 10:43:53,351 - MainThread - sqlmesh.core.state_sync.db.migrator - INFO - Applying migration <module 'sqlmesh.migrations.v0082_warn_if_incorrectly_duplicated_statements' from 'C:\\Users\\LakshmiVedha\\AppData\\Local\\Programs\\Python\\Python312\\Lib\\site-packages\\sqlmesh\\migrations\\v0082_warn_if_incorrectly_duplicated_statements.py'> (migrator.py:185)
2026-08-25 10:43:53,351 - MainThread - sqlmesh.core.state_sync.db.migrator - INFO - Applying migration <module 'sqlmesh.migrations.v0083_use_sql_for_scd_time_data_type_data_hash' from 'C:\\Users\\LakshmiVedha\\AppData\\Local\\Programs\\Python\\Python312\\Lib\\site-packages\\sqlmesh\\migrations\\v0083_use_sql_for_scd_time_data_type_data_hash.py'> (migrator.py:185)
2026-08-25 10:43:53,351 - MainThread - sqlmesh.core.state_sync.db.migrator - INFO - Applying migration <module 'sqlmesh.migrations.v0084_normalize_quote_when_matched_and_merge_filter' from 'C:\\Users\\LakshmiVedha\\AppData\\Local\\Programs\\Python\\Python312\\Lib\\site-packages\\sqlmesh\\migrations\\v0084_normalize_quote_when_matched_and_merge_filter.py'> (migrator.py:185)
2026-08-25 10:43:53,351 - MainThread - sqlmesh.core.state_sync.db.migrator - INFO - Applying migration <module 'sqlmesh.migrations.v0085_deterministic_repr' from 'C:\\Users\\LakshmiVedha\\AppData\\Local\\Programs\\Python\\Python312\\Lib\\site-packages\\sqlmesh\\migrations\\v0085_deterministic_repr.py'> (migrator.py:185)
2026-08-25 10:43:53,351 - MainThread - sqlmesh.core.state_sync.db.migrator - INFO - Applying migration <module 'sqlmesh.migrations.v0086_check_deterministic_bug' from 'C:\\Users\\LakshmiVedha\\AppData\\Local\\Programs\\Python\\Python312\\Lib\\site-packages\\sqlmesh\\migrations\\v0086_check_deterministic_bug.py'> (migrator.py:185)
2026-08-25 10:43:53,351 - MainThread - sqlmesh.core.state_sync.db.migrator - INFO - Applying migration <module 'sqlmesh.migrations.v0087_normalize_blueprint_variables' from 'C:\\Users\\LakshmiVedha\\AppData\\Local\\Programs\\Python\\Python312\\Lib\\site-packages\\sqlmesh\\migrations\\v0087_normalize_blueprint_variables.py'> (migrator.py:185)
2026-08-25 10:43:53,351 - MainThread - sqlmesh.core.state_sync.db.migrator - INFO - Applying migration <module 'sqlmesh.migrations.v0088_warn_about_variable_python_env_diffs' from 'C:\\Users\\LakshmiVedha\\AppData\\Local\\Programs\\Python\\Python312\\Lib\\site-packages\\sqlmesh\\migrations\\v0088_warn_about_variable_python_env_diffs.py'> (migrator.py:185)
2026-08-25 10:43:53,351 - MainThread - sqlmesh.core.state_sync.db.migrator - INFO - Applying migration <module 'sqlmesh.migrations.v0089_add_virtual_environment_mode' from 'C:\\Users\\LakshmiVedha\\AppData\\Local\\Programs\\Python\\Python312\\Lib\\site-packages\\sqlmesh\\migrations\\v0089_add_virtual_environment_mode.py'> (migrator.py:185)
2026-08-25 10:43:53,351 - MainThread - sqlmesh.core.state_sync.db.migrator - INFO - Applying migration <module 'sqlmesh.migrations.v0090_add_forward_only_column' from 'C:\\Users\\LakshmiVedha\\AppData\\Local\\Programs\\Python\\Python312\\Lib\\site-packages\\sqlmesh\\migrations\\v0090_add_forward_only_column.py'> (migrator.py:185)
2026-08-25 10:43:53,403 - MainThread - sqlmesh.core.state_sync.db.migrator - INFO - Applying migration <module 'sqlmesh.migrations.v0091_on_additive_change' from 'C:\\Users\\LakshmiVedha\\AppData\\Local\\Programs\\Python\\Python312\\Lib\\site-packages\\sqlmesh\\migrations\\v0091_on_additive_change.py'> (migrator.py:185)
2026-08-25 10:43:53,403 - MainThread - sqlmesh.core.state_sync.db.migrator - INFO - Applying migration <module 'sqlmesh.migrations.v0092_warn_about_dbt_data_type_diff' from 'C:\\Users\\LakshmiVedha\\AppData\\Local\\Programs\\Python\\Python312\\Lib\\site-packages\\sqlmesh\\migrations\\v0092_warn_about_dbt_data_type_diff.py'> (migrator.py:185)
2026-08-25 10:43:53,403 - MainThread - sqlmesh.core.state_sync.db.migrator - INFO - Applying migration <module 'sqlmesh.migrations.v0093_use_raw_sql_in_fingerprint' from 'C:\\Users\\LakshmiVedha\\AppData\\Local\\Programs\\Python\\Python312\\Lib\\site-packages\\sqlmesh\\migrations\\v0093_use_raw_sql_in_fingerprint.py'> (migrator.py:185)
2026-08-25 10:43:53,403 - MainThread - sqlmesh.core.state_sync.db.migrator - INFO - Applying migration <module 'sqlmesh.migrations.v0094_add_dev_version_and_fingerprint_columns' from 'C:\\Users\\LakshmiVedha\\AppData\\Local\\Programs\\Python\\Python312\\Lib\\site-packages\\sqlmesh\\migrations\\v0094_add_dev_version_and_fingerprint_columns.py'> (migrator.py:185)
2026-08-25 10:43:53,504 - MainThread - sqlmesh.core.state_sync.db.migrator - INFO - Applying migration <module 'sqlmesh.migrations.v0095_warn_about_dbt_raw_sql_diff' from 'C:\\Users\\LakshmiVedha\\AppData\\Local\\Programs\\Python\\Python312\\Lib\\site-packages\\sqlmesh\\migrations\\v0095_warn_about_dbt_raw_sql_diff.py'> (migrator.py:185)
2026-08-25 10:43:53,504 - MainThread - sqlmesh.core.state_sync.db.migrator - INFO - Applying migration <module 'sqlmesh.migrations.v0096_remove_plan_dags_table' from 'C:\\Users\\LakshmiVedha\\AppData\\Local\\Programs\\Python\\Python312\\Lib\\site-packages\\sqlmesh\\migrations\\v0096_remove_plan_dags_table.py'> (migrator.py:185)
2026-08-25 10:43:53,504 - MainThread - sqlmesh.core.state_sync.db.migrator - INFO - Applying migration <module 'sqlmesh.migrations.v0097_add_dbt_name_in_node' from 'C:\\Users\\LakshmiVedha\\AppData\\Local\\Programs\\Python\\Python312\\Lib\\site-packages\\sqlmesh\\migrations\\v0097_add_dbt_name_in_node.py'> (migrator.py:185)
2026-08-25 10:43:53,509 - MainThread - sqlmesh.core.state_sync.db.migrator - INFO - Applying migration <module 'sqlmesh.migrations.v0098_add_dbt_node_info_in_node' from 'C:\\Users\\LakshmiVedha\\AppData\\Local\\Programs\\Python\\Python312\\Lib\\site-packages\\sqlmesh\\migrations\\v0098_add_dbt_node_info_in_node.py'> (migrator.py:185)
2026-08-25 10:43:53,509 - MainThread - sqlmesh.core.state_sync.db.migrator - INFO - Applying migration <module 'sqlmesh.migrations.v0099_add_last_altered_to_intervals' from 'C:\\Users\\LakshmiVedha\\AppData\\Local\\Programs\\Python\\Python312\\Lib\\site-packages\\sqlmesh\\migrations\\v0099_add_last_altered_to_intervals.py'> (migrator.py:185)
2026-08-25 10:43:53,559 - MainThread - sqlmesh.core.state_sync.db.migrator - INFO - Applying migration <module 'sqlmesh.migrations.v0100_add_grants_and_grants_target_layer' from 'C:\\Users\\LakshmiVedha\\AppData\\Local\\Programs\\Python\\Python312\\Lib\\site-packages\\sqlmesh\\migrations\\v0100_add_grants_and_grants_target_layer.py'> (migrator.py:185)
2026-08-25 10:43:53,559 - MainThread - sqlmesh.core.state_sync.db.migrator - INFO - Applying migration <module 'sqlmesh.migrations.v0101_include_custom_audit_args_in_fingerprint' from 'C:\\Users\\LakshmiVedha\\AppData\\Local\\Programs\\Python\\Python312\\Lib\\site-packages\\sqlmesh\\migrations\\v0101_include_custom_audit_args_in_fingerprint.py'> (migrator.py:185)
2026-08-25 10:43:53,561 - MainThread - sqlmesh.core.state_sync.db.migrator - INFO - Fetching environments (migrator.py:207)
2026-08-25 10:43:53,563 - MainThread - sqlmesh.core.state_sync.db.migrator - INFO - Migrating snapshot rows... (migrator.py:224)
2026-08-25 10:43:53,565 - MainThread - sqlmesh.core.state_sync.db.migrator - INFO - No changes to snapshots detected (migrator.py:217)
2026-08-25 10:44:00,629 - MainThread - sqlmesh.core.plan.evaluator - INFO - Evaluating plan stage CreateSnapshotRecordsStage (evaluator.py:123)
2026-08-25 10:44:00,690 - MainThread - sqlmesh.core.plan.evaluator - INFO - Evaluating plan stage PhysicalLayerSchemaCreationStage (evaluator.py:123)
2026-08-25 10:44:00,703 - ThreadPoolExecutor-1_0 - sqlmesh.core.snapshot.evaluator - INFO - Creating schema 'sqlmesh__analytics' (evaluator.py:1449)
2026-08-25 10:44:00,744 - ThreadPoolExecutor-1_0 - sqlmesh.core.engine_adapter.base - INFO - Executing SQL: /* SQLMESH_PLAN: 6012f93b89d0461589c263bbd9edf285 */ CREATE SCHEMA IF NOT EXISTS `sqlmesh__analytics` (base.py:2624)
2026-08-25 10:44:00,750 - MainThread - sqlmesh.core.plan.evaluator - INFO - Evaluating plan stage BackfillStage (evaluator.py:123)
2026-08-25 10:44:00,750 - ThreadPoolExecutor-2_0 - sqlmesh.core.snapshot.evaluator - INFO - Listing data objects in schema sqlmesh__analytics (evaluator.py:1616)
2026-08-25 10:44:01,397 - ThreadPoolExecutor-3_0 - sqlmesh.core.snapshot.evaluator - INFO - Evaluating snapshot SnapshotId<"analytics"."products": 3697555370> (evaluator.py:711)
2026-08-25 10:44:01,430 - ThreadPoolExecutor-3_0 - sqlmesh.core.snapshot.evaluator - INFO - Inserting data for snapshot SnapshotId<"analytics"."products": 3697555370> (evaluator.py:952)
2026-08-25 10:44:01,445 - ThreadPoolExecutor-3_0 - sqlmesh.core.snapshot.evaluator - INFO - Inserting batch (2026-08-24 00:00:00, 2026-08-25 00:00:00) into sqlmesh__analytics.analytics__products__2914451666' (evaluator.py:984)
2026-08-25 10:44:01,447 - ThreadPoolExecutor-3_0 - sqlmesh.core.engine_adapter.base - INFO - Executing SQL: /* SQLMESH_PLAN: 6012f93b89d0461589c263bbd9edf285 */ DESCRIBE `sqlmesh__analytics`.`analytics__products__2914451666` (base.py:2624)
2026-08-25 10:44:01,451 - ThreadPoolExecutor-3_0 - sqlmesh.core.engine_adapter.base - INFO - Executing SQL: /* SQLMESH_PLAN: 6012f93b89d0461589c263bbd9edf285 */ CREATE TABLE IF NOT EXISTS `sqlmesh__analytics`.`analytics__products__2914451666` AS SELECT `id` AS `id`, `product_name` AS `product_name`, `price` AS `price`, `quantity` AS `quantity` FROM `supermart`.`products` AS `products` (base.py:2624)
2026-08-25 10:44:01,458 - MainThread - sqlmesh.core.scheduler - INFO - Execution failed for node EvaluateNode(snapshot_name='"analytics"."products"', interval=(1787529600000, 1787616000000), batch_index=0) (scheduler.py:618)
Traceback (most recent call last):
  File "C:\Users\LakshmiVedha\AppData\Local\Programs\Python\Python312\Lib\site-packages\sqlmesh\utils\concurrency.py", line 69, in _process_node
    self.fn(node)
  File "C:\Users\LakshmiVedha\AppData\Local\Programs\Python\Python312\Lib\site-packages\sqlmesh\core\scheduler.py", line 554, in run_node
    audit_results = self.evaluate(
                    ^^^^^^^^^^^^^^
  File "C:\Users\LakshmiVedha\AppData\Local\Programs\Python\Python312\Lib\site-packages\sqlmesh\core\scheduler.py", line 229, in evaluate
    wap_id = self.snapshot_evaluator.evaluate(
             ^^^^^^^^^^^^^^^^^^^^^^^^^^^^^^^^^
  File "C:\Users\LakshmiVedha\AppData\Local\Programs\Python\Python312\Lib\site-packages\sqlmesh\core\snapshot\evaluator.py", line 186, in evaluate
    result = self._evaluate_snapshot(
             ^^^^^^^^^^^^^^^^^^^^^^^^
  File "C:\Users\LakshmiVedha\AppData\Local\Programs\Python\Python312\Lib\site-packages\sqlmesh\core\snapshot\evaluator.py", line 821, in _evaluate_snapshot
    self._render_and_insert_snapshot(
  File "C:\Users\LakshmiVedha\AppData\Local\Programs\Python\Python312\Lib\site-packages\sqlmesh\core\snapshot\evaluator.py", line 1041, in _render_and_insert_snapshot
    apply(query_or_df, index)
  File "C:\Users\LakshmiVedha\AppData\Local\Programs\Python\Python312\Lib\site-packages\sqlmesh\core\snapshot\evaluator.py", line 990, in apply
    evaluation_strategy.insert(
  File "C:\Users\LakshmiVedha\AppData\Local\Programs\Python\Python312\Lib\site-packages\sqlmesh\core\snapshot\evaluator.py", line 2418, in insert
    self._replace_query_for_model(model, table_name, query_or_df, render_kwargs, **kwargs)
  File "C:\Users\LakshmiVedha\AppData\Local\Programs\Python\Python312\Lib\site-packages\sqlmesh\core\snapshot\evaluator.py", line 2155, in _replace_query_for_model
    self.adapter.replace_query(
  File "C:\Users\LakshmiVedha\AppData\Local\Programs\Python\Python312\Lib\site-packages\sqlmesh\core\engine_adapter\shared.py", line 335, in internal_wrapper
    return func(*list_args, **kwargs)
           ^^^^^^^^^^^^^^^^^^^^^^^^^^
  File "C:\Users\LakshmiVedha\AppData\Local\Programs\Python\Python312\Lib\site-packages\sqlmesh\core\engine_adapter\base.py", line 524, in replace_query
    return self._create_table_from_source_queries(
           ^^^^^^^^^^^^^^^^^^^^^^^^^^^^^^^^^^^^^^^
  File "C:\Users\LakshmiVedha\AppData\Local\Programs\Python\Python312\Lib\site-packages\sqlmesh\core\engine_adapter\base.py", line 934, in _create_table_from_source_queries
    self._create_table(
  File "C:\Users\LakshmiVedha\AppData\Local\Programs\Python\Python312\Lib\site-packages\sqlmesh\core\engine_adapter\base.py", line 977, in _create_table
    self.execute(
  File "C:\Users\LakshmiVedha\AppData\Local\Programs\Python\Python312\Lib\site-packages\sqlmesh\core\engine_adapter\base.py", line 2601, in execute
    self._execute(sql, track_rows_processed, **kwargs)
  File "C:\Users\LakshmiVedha\AppData\Local\Programs\Python\Python312\Lib\site-packages\sqlmesh\core\engine_adapter\base.py", line 2633, in _execute
    self.cursor.execute(sql, **kwargs)
  File "C:\Users\LakshmiVedha\AppData\Local\Programs\Python\Python312\Lib\site-packages\pymysql\cursors.py", line 159, in execute
    result = self._query(query)
             ^^^^^^^^^^^^^^^^^^
  File "C:\Users\LakshmiVedha\AppData\Local\Programs\Python\Python312\Lib\site-packages\pymysql\cursors.py", line 330, in _query
    conn.query(q)
  File "C:\Users\LakshmiVedha\AppData\Local\Programs\Python\Python312\Lib\site-packages\pymysql\connections.py", line 582, in query
    self._affected_rows = self._read_query_result(unbuffered=unbuffered)
                          ^^^^^^^^^^^^^^^^^^^^^^^^^^^^^^^^^^^^^^^^^^^^^^
  File "C:\Users\LakshmiVedha\AppData\Local\Programs\Python\Python312\Lib\site-packages\pymysql\connections.py", line 847, in _read_query_result
    result.read()
  File "C:\Users\LakshmiVedha\AppData\Local\Programs\Python\Python312\Lib\site-packages\pymysql\connections.py", line 1245, in read
    first_packet = self.connection._read_packet()
                   ^^^^^^^^^^^^^^^^^^^^^^^^^^^^^^
  File "C:\Users\LakshmiVedha\AppData\Local\Programs\Python\Python312\Lib\site-packages\pymysql\connections.py", line 803, in _read_packet
    packet.raise_for_error()
  File "C:\Users\LakshmiVedha\AppData\Local\Programs\Python\Python312\Lib\site-packages\pymysql\protocol.py", line 219, in raise_for_error
    err.raise_mysql_exception(self._data)
  File "C:\Users\LakshmiVedha\AppData\Local\Programs\Python\Python312\Lib\site-packages\pymysql\err.py", line 154, in raise_mysql_exception
    raise errorclass(errno, errval, sqlstate=sqlstate)
pymysql.err.OperationalError: (1049, "Unknown database 'supermart'")

The above exception was the direct cause of the following exception:

sqlmesh.utils.concurrency.NodeExecutionFailedError: Execution failed for node EvaluateNode(snapshot_name='"analytics"."products"', interval=(1787529600000, 1787616000000), batch_index=0)
2026-08-25 10:44:01,486 - MainThread - sqlmesh.core.context - INFO - Plan application failed. (context.py:1808)
Traceback (most recent call last):
  File "C:\Users\LakshmiVedha\AppData\Local\Programs\Python\Python312\Lib\site-packages\sqlmesh\core\context.py", line 1800, in apply
    self._apply(plan, circuit_breaker)
  File "C:\Users\LakshmiVedha\AppData\Local\Programs\Python\Python312\Lib\site-packages\sqlmesh\core\context.py", line 2593, in _apply
    self._scheduler.create_plan_evaluator(self).evaluate(
  File "C:\Users\LakshmiVedha\AppData\Local\Programs\Python\Python312\Lib\site-packages\sqlmesh\core\plan\evaluator.py", line 105, in evaluate
    self._evaluate_stages(plan_stages, plan)
  File "C:\Users\LakshmiVedha\AppData\Local\Programs\Python\Python312\Lib\site-packages\sqlmesh\core\plan\evaluator.py", line 125, in _evaluate_stages
    handler(stage, plan)
  File "C:\Users\LakshmiVedha\AppData\Local\Programs\Python\Python312\Lib\site-packages\sqlmesh\core\plan\evaluator.py", line 264, in visit_backfill_stage
    raise PlanError("Plan application failed.")
sqlmesh.utils.errors.PlanError: Plan application failed.
2026-08-25 10:44:01,500 - MainThread - root - INFO - Shutting down the event dispatcher (dispatcher.py:159)
