2026-09-01 10:00:56,314 - MainThread - sqlmesh.core.plan.evaluator - INFO - Evaluating plan stage CreateSnapshotRecordsStage (evaluator.py:123)
2026-09-01 10:00:56,445 - MainThread - sqlmesh.core.plan.evaluator - INFO - Evaluating plan stage PhysicalLayerSchemaCreationStage (evaluator.py:123)
2026-09-01 10:00:56,445 - ThreadPoolExecutor-1_0 - sqlmesh.core.snapshot.evaluator - INFO - Creating schema 'sqlmesh__analytics' (evaluator.py:1449)
2026-09-01 10:00:56,498 - ThreadPoolExecutor-1_0 - sqlmesh.core.engine_adapter.base - INFO - Executing SQL: /* SQLMESH_PLAN: 0b8b5caa054b43a4a0522de1b15bb5c8 */ CREATE SCHEMA IF NOT EXISTS `sqlmesh__analytics` (base.py:2624)
2026-09-01 10:00:56,503 - MainThread - sqlmesh.core.plan.evaluator - INFO - Evaluating plan stage BackfillStage (evaluator.py:123)
2026-09-01 10:00:56,509 - ThreadPoolExecutor-2_0 - sqlmesh.core.snapshot.evaluator - INFO - Listing data objects in schema sqlmesh__analytics (evaluator.py:1616)
2026-09-01 10:00:57,587 - ThreadPoolExecutor-3_0 - sqlmesh.core.snapshot.evaluator - INFO - Evaluating snapshot SnapshotId<"analytics"."daily_sales": 184017709> (evaluator.py:711)
2026-09-01 10:00:57,654 - ThreadPoolExecutor-3_0 - sqlmesh.core.snapshot.evaluator - INFO - Inserting data for snapshot SnapshotId<"analytics"."daily_sales": 184017709> (evaluator.py:952)
2026-09-01 10:00:57,667 - ThreadPoolExecutor-3_0 - sqlmesh.core.snapshot.evaluator - INFO - Inserting batch (2026-08-01 00:00:00, 2026-08-25 00:00:00) into sqlmesh__analytics.analytics__daily_sales__3120750959' (evaluator.py:984)
2026-09-01 10:00:57,669 - ThreadPoolExecutor-3_0 - sqlmesh.core.engine_adapter.base - INFO - Executing SQL: /* SQLMESH_PLAN: 0b8b5caa054b43a4a0522de1b15bb5c8 */ DESCRIBE `sqlmesh__analytics`.`analytics__daily_sales__3120750959` (base.py:2624)
2026-09-01 10:00:57,671 - ThreadPoolExecutor-3_0 - sqlmesh.core.engine_adapter.base - INFO - Executing SQL: /* SQLMESH_PLAN: 0b8b5caa054b43a4a0522de1b15bb5c8 */ CREATE TABLE IF NOT EXISTS `sqlmesh__analytics`.`analytics__daily_sales__3120750959` AS SELECT `bi`.`product_id` AS `product_id`, `p`.`product_name` AS `product_name`, DATE(`b`.`bill_date`) AS `sale_date`, SUM(`bi`.`quantity`) AS `quantity_sold`, SUM(`bi`.`item_total`) AS `total_sales` FROM `supermart`.`bill_items` AS `bi` JOIN `supermart`.`bills` AS `b` ON `bi`.`bill_id` = `b`.`bill_id` JOIN `supermart`.`products` AS `p` ON `bi`.`product_id` = `p`.`id` GROUP BY `bi`.`product_id`, `p`.`product_name`, DATE(`b`.`bill_date`) (base.py:2624)
2026-09-01 10:00:57,773 - ThreadPoolExecutor-3_0 - sqlmesh.core.state_sync.db.facade - INFO - Adding interval (2026-08-01 00:00:00, 2026-08-25 00:00:00) for snapshot SnapshotId<"analytics"."daily_sales": 184017709> (facade.py:637)
2026-09-01 10:00:57,773 - ThreadPoolExecutor-3_0 - sqlmesh.core.state_sync.db.interval - INFO - Pushing intervals for snapshot SnapshotId<"analytics"."daily_sales": 184017709> (interval.py:215)
2026-09-01 10:00:57,811 - MainThread - sqlmesh.core.plan.evaluator - INFO - Evaluating plan stage EnvironmentRecordUpdateStage (evaluator.py:123)
2026-09-01 10:00:57,813 - MainThread - sqlmesh.core.state_sync.db.facade - INFO - Promoting environment 'prod' (facade.py:167)
2026-09-01 10:00:57,845 - MainThread - sqlmesh.core.plan.evaluator - INFO - Evaluating plan stage UnpauseStage (evaluator.py:123)
2026-09-01 10:00:57,859 - MainThread - sqlmesh.core.plan.evaluator - INFO - Evaluating plan stage VirtualLayerUpdateStage (evaluator.py:123)
2026-09-01 10:00:57,867 - ThreadPoolExecutor-4_0 - sqlmesh.core.snapshot.evaluator - INFO - Creating schema 'analytics' (evaluator.py:1449)
2026-09-01 10:00:57,926 - ThreadPoolExecutor-4_0 - sqlmesh.core.engine_adapter.base - INFO - Executing SQL: /* SQLMESH_PLAN: 0b8b5caa054b43a4a0522de1b15bb5c8 */ CREATE SCHEMA IF NOT EXISTS `analytics` (base.py:2624)
2026-09-01 10:00:57,926 - ThreadPoolExecutor-5_0 - sqlmesh.core.snapshot.evaluator - INFO - Listing data objects in schema analytics (evaluator.py:1616)
2026-09-01 10:00:58,050 - ThreadPoolExecutor-6_0 - sqlmesh.core.snapshot.evaluator - INFO - Updating view 'analytics.daily_sales' to point at table 'sqlmesh__analytics.analytics__daily_sales__3120750959' (evaluator.py:1988)
2026-09-01 10:00:58,050 - ThreadPoolExecutor-6_0 - sqlmesh.core.engine_adapter.base - INFO - Executing SQL: /* SQLMESH_PLAN: 0b8b5caa054b43a4a0522de1b15bb5c8 */ CREATE OR REPLACE VIEW `analytics`.`daily_sales` AS SELECT * FROM `sqlmesh__analytics`.`analytics__daily_sales__3120750959` (base.py:2624)
2026-09-01 10:00:58,118 - ThreadPoolExecutor-7_0 - sqlmesh.core.snapshot.evaluator - INFO - Dropping view 'analytics.products' (evaluator.py:2019)
2026-09-01 10:00:58,118 - ThreadPoolExecutor-7_0 - sqlmesh.core.engine_adapter.base - INFO - Executing SQL: /* SQLMESH_PLAN: 0b8b5caa054b43a4a0522de1b15bb5c8 */ DROP VIEW IF EXISTS `analytics`.`products` (base.py:2624)
2026-09-01 10:00:58,151 - MainThread - sqlmesh.core.plan.evaluator - INFO - Evaluating plan stage FinalizeEnvironmentStage (evaluator.py:123)
2026-09-01 10:00:58,151 - MainThread - sqlmesh.core.state_sync.db.environment - INFO - Finalizing environment 'prod' (environment.py:141)
2026-09-01 10:00:58,151 - MainThread - root - INFO - Shutting down the event dispatcher (dispatcher.py:159)
